Case 1: Akbar can return his Palace.
Case 2: Impossible.
Case 3: Akbar can return his Palace.
Case 4: Impossible.
Case 5: Akbar can return his Palace.
Case 6: Impossible.
Case 7: Akbar can return his Palace.
Case 8: Impossible.
Case 9: Impossible.
Case 10: Impossible.
Case 11: Impossible.
Case 12: Impossible.
Case 13: Akbar can return his Palace.
Case 14: Impossible.
Case 15: Akbar can return his Palace.
Case 16: Impossible.
