[sites.google.com/site/smilitude/index.html]
[ssl.gstatic.com/sites/p/5cf108/system/app/images/apple-touch-icon.png]
[backblue.gif]
[fade.gif]
[index.html]
[ssl.gstatic.com/sites/p/5cf108/system/js/trog_edit__en.js]
[ssl.gstatic.com/sites/p/5cf108/system/app/images/cleardot.gif]
[www.gstatic.com/caja/5557/caja.js]
[ssl.gstatic.com/sites/p/5cf108/system/js/jot_caja.js]
[sites.google.com/site/smilitude/_/rsrc/1282311418467/config/customLogobe22.jpg]
[sites.google.com/site/smilitude/tutorials.html]
[sites.google.com/site/smilitude/fahimD.f6fb5.delayed]
[sites.google.com/site/smilitude/_/rsrc/1267495164664/fahimD-large5149.jpg]
[4d7c3273-a-62cb3a1a-s-sites.googlegroups.com/site/smilitude/fahimDc95f.html]
[sites.google.com/site/smilitude/system/app/pages/reportAbuse.html]
[sites.google.com/site/smilitude/system/app/pages/removeAccess.html]
[ssl.gstatic.com/sites/p/5cf108/system/js/jot_min_view__en.js]
[sites.google.com/site/smilitude/_/tz.14.delayed]
[sites.google.com/site/smilitude/index.html]
[ssl.gstatic.com/sites/p/5cf108/system/app/css/codemirror_css.css]
[ssl.gstatic.com/editor/bubble2_tr.gif]
[ssl.gstatic.com/sites/p/5cf108/system/app/css/trogedit.css]
[sites.google.com/site/smilitude/_/rsrc/1377075266000/system/app/images/toolbar-check.gif]
[sites.google.com/site/smilitude/_/rsrc/1377075266000/system/app/images/toolbar2.gif]
[sites.google.com/site/smilitude/_/rsrc/1377075266000/system/app/images/formatblock-menu-icons.gif]
[sites.google.com/site/smilitude/_/rsrc/1377075266000/system/app/images/icon-help-kennedy.png]
[sites.google.com/site/sites/system/app/images/icon_plusone.1a.delayed]
[sites.google.com/site/sites/system/app/images/plusbadge.1b.delayed]
[www.google.com/a/UniversalLoginc521.html]
[ssl.gstatic.com/images/icons/gplus-64.png]
[www.google.com/a/UniversalLogin263a.html]
[ssl.gstatic.com/images/icons/gplus-32.png]
[ssl.gstatic.com/images/icons/gplus-16.png]
[sites.google.com/site/smilitude/_/rsrc/1377075266000/system/app/css/editor.css]
[ssl.gstatic.com/sites/p/5cf108/system/app/css/codeeditor.css]
[sites.google.com/site/smilitude/_/rsrc/1377075266000/system/app/images/command.png]
[sites.google.com/site/smilitude/_/rsrc/1377075266000/system/app/css/camelot/editor-jfk.css]
[ssl.gstatic.com/ui/v1/menu/checkmark-partial.png]
[ssl.gstatic.com/sites/p/5cf108/system/app/themes/notebook/standard-css-notebook-ltr-ltr.css]
[sites.google.com/site/smilitude/_/rsrc/1377075266000/system/app/css/overlay94dc.css]
[sites.google.com/site/smilitude/_/rsrc/1377075266000/system/app/images/camelot.png]
[sites.google.com/site/smilitude/_/rsrc/1377075266000/system/app/css/camelot/allthemes-view.css]
[sites.google.com/site/smilitude/topsort.html]
[sites.google.com/site/smilitude/recursion_and_dp.html]
[sites.google.com/site/smilitude/shortestpath.html]
[sites.google.com/site/smilitude/shortestpath_problems.html]
[sites.google.com/site/smilitude/cpp.html]
[sites.google.com/site/smilitude/stl.html]
[sites.google.com/site/smilitude/vim_intro.html]
[sites.google.com/site/smilitude/tcintro.html]
[sites.google.com/site/smilitude/টপকোডারপ্লাগইন.html]
[sites.google.com/site/smilitude/contest_tips.html]
[sites.google.com/site/smilitude/beginners.html]
[sites.google.com/site/smilitude/tutorials.html]
[sites.google.com/site/smilitude/প্রোগ্রামিং.html]
[ssl.gstatic.com/sites/p/5cf108/system/js/jot_min__en.js]
[sites.google.com/site/smilitude/system/app/pages/reportAbuse.html]
[sites.google.com/site/smilitude/system/app/pages/removeAccess.html]
[sites.google.com/site/smilitude/_/tz.html]
[www.google.com/a/UniversalLoginc521.html]
[www.google.com/a/UniversalLogin263a.html]
[sites.google.com/site/smilitude/topsort/topsortban.316fb5.delayed]
[sites.google.com/site/smilitude/_/rsrc/1280488798986/topsort/topsortban8d9d.jpg]
[4d7c3273-a-62cb3a1a-s-sites.googlegroups.com/site/smilitude/topsort/topsortban6071.html]
[sites.google.com/site/smilitude/topsort/DSC07140.336fb5.delayed]
[sites.google.com/site/smilitude/_/rsrc/1280488289328/topsort/DSC07140f0aa.jpg]
[4d7c3273-a-62cb3a1a-s-sites.googlegroups.com/site/smilitude/topsort/DSC071407397.html]
[sites.google.com/site/smilitude/topsort/DSC07139.356fb5.delayed]
[sites.google.com/site/smilitude/_/rsrc/1280488238440/topsort/DSC07139f0aa.jpg]
[4d7c3273-a-62cb3a1a-s-sites.googlegroups.com/site/smilitude/topsort/DSC071396df5.html]
[sites.google.com/site/smilitude/topsort/DSC07142.376fb5.delayed]
[sites.google.com/site/smilitude/_/rsrc/1280488400534/topsort/DSC07142f0aa.jpg]
[4d7c3273-a-62cb3a1a-s-sites.googlegroups.com/site/smilitude/topsort/DSC071426ff0.html]
[sites.google.com/site/smilitude/topsort/DSC07143.396fb5.delayed]
[sites.google.com/site/smilitude/_/rsrc/1280488446721/topsort/DSC07143f0aa.jpg]
[4d7c3273-a-62cb3a1a-s-sites.googlegroups.com/site/smilitude/topsort/DSC071437a30.html]
[sites.google.com/site/smilitude/topsort/DSC07145.3b6fb5.delayed]
[sites.google.com/site/smilitude/_/rsrc/1280488510045/topsort/DSC07145f0aa.jpg]
[4d7c3273-a-62cb3a1a-s-sites.googlegroups.com/site/smilitude/topsort/DSC07145d2b0.html]
[sites.google.com/site/smilitude/topsort/DSC07146.3d6fb5.delayed]
[sites.google.com/site/smilitude/_/rsrc/1280488544227/topsort/DSC07146f0aa.jpg]
[4d7c3273-a-62cb3a1a-s-sites.googlegroups.com/site/smilitude/topsort/DSC071467903.html]
[sites.google.com/site/smilitude/topsort/DSC07147.3f6fb5.delayed]
[sites.google.com/site/smilitude/_/rsrc/1280488672851/topsort/DSC07147f0aa.jpg]
[4d7c3273-a-62cb3a1a-s-sites.googlegroups.com/site/smilitude/topsort/DSC07147b9b9.html]
[sites.google.com/site/smilitude/topsort/DSC07148.416fb5.delayed]
[sites.google.com/site/smilitude/_/rsrc/1280488705126/topsort/DSC07148f0aa.jpg]
[4d7c3273-a-62cb3a1a-s-sites.googlegroups.com/site/smilitude/topsort/DSC071487c61.html]
[sites.google.com/site/smilitude/topsort/DSC07149.436fb5.delayed]
[sites.google.com/site/smilitude/_/rsrc/1280488715697/topsort/DSC07149f0aa.jpg]
[4d7c3273-a-62cb3a1a-s-sites.googlegroups.com/site/smilitude/topsort/DSC07149819d.html]
[sites.google.com/site/smilitude/topsort/DSC07150.456fb5.delayed]
[4d7c3273-a-62cb3a1a-s-sites.googlegroups.com/site/smilitude/topsort/DSC071509e8b.html]
[sites.google.com/site/smilitude/_/rsrc/1280488726237/topsort/DSC07150f0aa.jpg]
[sites.google.com/site/smilitude/topsort/DSC07151.476fb5.delayed]
[sites.google.com/site/smilitude/_/rsrc/1280488738761/topsort/DSC07151f0aa.jpg]
[4d7c3273-a-62cb3a1a-s-sites.googlegroups.com/site/smilitude/topsort/DSC071514e95.html]
[sites.google.com/site/smilitude/topsort/DSC07152.496fb5.delayed]
[sites.google.com/site/smilitude/_/rsrc/1280488753563/topsort/DSC07152f0aa.jpg]
[4d7c3273-a-62cb3a1a-s-sites.googlegroups.com/site/smilitude/topsort/DSC0715242e5.html]
[sites.google.com/site/smilitude/topsort/DSC07153.4b6fb5.delayed]
[sites.google.com/site/smilitude/_/rsrc/1280488769843/topsort/DSC07153f0aa.jpg]
[4d7c3273-a-62cb3a1a-s-sites.googlegroups.com/site/smilitude/topsort/DSC0715317de.html]
[sites.google.com/site/smilitude/topsort/DSC07154.4d6fb5.delayed]
[sites.google.com/site/smilitude/_/rsrc/1280488789271/topsort/DSC07154f0aa.jpg]
[4d7c3273-a-62cb3a1a-s-sites.googlegroups.com/site/smilitude/topsort/DSC0715449eb.html]
[sites.google.com/site/smilitude/topsort/DSC07144.4f6fb5.delayed]
[sites.google.com/site/smilitude/topsort.html]
[sites.google.com/site/smilitude/fibo.svg-medium-init-.jpg]
[sites.google.com/site/smilitude/recursion_and_dp.html]
[4d7c3273-a-62cb3a1a-s-sites.googlegroups.com/site/smilitude/topsort/DSC07144813c.html]
[sites.google.com/site/smilitude/shortestpath/shortsetp_col.516fb5.delayed]
[sites.google.com/site/smilitude/_/rsrc/1284858366877/shortestpath/shortsetp_coldb9c.jpg]
[4d7c3273-a-62cb3a1a-s-sites.googlegroups.com/site/smilitude/shortestpath/shortsetp_col83c0.html]
[sites.google.com/site/smilitude/shortestpath/bfs0.536fb5.delayed]
[sites.google.com/site/smilitude/_/rsrc/1284854038891/shortestpath/bfs0ca9d.jpg]
[4d7c3273-a-62cb3a1a-s-sites.googlegroups.com/site/smilitude/shortestpath/bfs0d238.html]
[sites.google.com/site/smilitude/shortestpath/cycle.566fb5.delayed]
[sites.google.com/site/smilitude/_/rsrc/1284858665129/shortestpath/cycleca9d.jpg]
[4d7c3273-a-62cb3a1a-s-sites.googlegroups.com/site/smilitude/shortestpath/cycle441d.html]
[sites.google.com/site/smilitude/shortestpath/shortestp_floyd.586fb5.delayed]
[4d7c3273-a-62cb3a1a-s-sites.googlegroups.com/site/smilitude/shortestpath/shortestp_floyd7a3d.html]
[sites.google.com/site/smilitude/_/rsrc/1284859690556/shortestpath/shortestp_floydca9d.jpg]
[sites.google.com/site/smilitude/shortestpath.html]
[sites.google.com/site/smilitude/goog_1164873299.5a.delayed]
[sites.google.com/site/smilitude/goog_1164873318.5b.delayed]
[sites.google.com/site/smilitude/shortestpath_problems.html]
[sites.google.com/site/smilitude/cpp.html]
[sites.google.com/site/smilitude/stl.html]
[sites.google.com/site/smilitude/vim_intro.html]
[sites.google.com/site/smilitude/topcoder.5c6fb5.delayed]
[sites.google.com/site/smilitude/tcintro.html]
[sites.google.com/site/smilitude/a.png]
[sites.google.com/site/smilitude/a-large-brt-37.jpg]
[sites.google.com/site/smilitude/cleaner.5f.delayed]
[sites.google.com/site/smilitude/টপকোডারপ্লাগইন.html]
[sites.google.com/site/smilitude/contest_tips.html]
[sites.google.com/site/smilitude/beginners.html]
[sites.google.com/site/smilitude/cleaner6fb5.html]
[sites.google.com/site/smilitude/home.html]
[sites.google.com/site/smilitude/ডাইনামিকপ্রোগ্রামিংএরসূচনা.html]
[sites.google.com/site/smilitude/contests.html]
[sites.google.com/site/smilitude/gfgf.636fb5.delayed]
[sites.google.com/site/smilitude/_/rsrc/1267495185341/gfgf-large1b40.jpg]
[4d7c3273-a-62cb3a1a-s-sites.googlegroups.com/site/smilitude/gfgfc566.html]
[sites.google.com/site/smilitude/hackingvim.656fb5.delayed]
[sites.google.com/site/smilitude/নতুনদেরজন্যটপকোডার.html]
[sites.google.com/site/smilitude/DSCN9504.676fb5.delayed]
[4d7c3273-a-62cb3a1a-s-sites.googlegroups.com/site/smilitude/DSCN9504528f.html]
[sites.google.com/site/smilitude/_/rsrc/1267495186283/DSCN9504-large-effect-grayscale-47-brt-68-effect-autolevels-100255e.jpg]
[sites.google.com/site/smilitude/আব্দুল্লাহআলমাহমুদ.html]
[sites.google.com/site/smilitude/একারেজিংইউফরপ্রোগ্রামিং.html]
[sites.google.com/site/smilitude/শাহরিয়ারমন্জুর.html]
[sites.google.com/site/smilitude/প্রোগ্রামিং.html]
[sites.google.com/site/smilitude/tamimshahriarsubeen.html]
[sites.google.com/site/smilitude/_/rsrc/1377075266000/system/app/images/spinner.gif]
[sites.google.com/site/smilitude/_/rsrc/1377075266000/system/app/css/camelot/dashboard.css]
[sites.google.com/site/smilitude/_/rsrc/1377075266000/system/app/css/camelot/error.css]
[upload.wikimedia.org/wikipedia/commons/4/45/Dijksta_Anim.html]
[sites.google.com/site/smilitude/goog_1164873299.html]
[sites.google.com/site/smilitude/goog_1164873318.html]
[sites.google.com/site/smilitude/cleaner6fb5.html]
[sites.google.com/site/smilitude/home.html]
[sites.google.com/site/smilitude/ডাইনামিকপ্রোগ্রামিংএরসূচনা.html]
[sites.google.com/site/smilitude/contests.html]
[sites.google.com/site/smilitude/নতুনদেরজন্যটপকোডার.html]
[sites.google.com/site/smilitude/আব্দুল্লাহআলমাহমুদ.html]
[sites.google.com/site/smilitude/একারেজিংইউফরপ্রোগ্রামিং.html]
[sites.google.com/site/smilitude/শাহরিয়ারমন্জুর.html]
[sites.google.com/site/smilitude/tamimshahriarsubeen.html]
[docs.google.com/images/env.html]
